
> chattingappsainew@1.0.0 build
> next build

 ⚠ Warning: Next.js inferred your workspace root, but it may not be correct.
 We detected multiple lockfiles and selected the directory of C:\Users\wei89\package-lock.json as the root directory.
 To silence this warning, set `turbopack.root` in your Next.js config, or consider removing one of the lockfiles if it's not needed.
   See https://nextjs.org/docs/app/api-reference/config/next-config-js/turbopack#root-directory for more information.
 Detected additional lockfiles: 
   * C:\Users\wei89\AI-projects\chattingAppsAInew\package-lock.json

   ▲ Next.js 16.0.1 (Turbopack)
   - Environments: .env.local, .env.production
   - Experiments (use with caution):
     · serverActions

   Creating an optimized production build ...
 ✓ Compiled successfully in 3.2s
   Running TypeScript ...
Failed to compile.

./src/lib/repositories/MeetingReactionRepository.ts:51:7
Type error: Type '{ rows: any[]; rowCount?: number | undefined; }' is missing the following properties from type 'MeetingReaction[]': length, pop, push, concat, and 28 more.

[0m [90m 49 |[39m         [roomId[33m,[39m limit]
 [90m 50 |[39m       )[33m;[39m
[31m[1m>[22m[39m[90m 51 |[39m       [36mreturn[39m result[33m;[39m
 [90m    |[39m       [31m[1m^[22m[39m
 [90m 52 |[39m     } [36mcatch[39m (error) {
 [90m 53 |[39m       [36mthrow[39m [33mDatabaseError[39m[33m.[39mqueryFailed([32m`Failed to find reactions by room: ${error}`[39m)[33m;[39m
 [90m 54 |[39m     }[0m
Next.js build worker exited with code: 1 and signal: null
